
> evidaxis-web@0.1.0 check
> node scripts/check-dist.mjs

checked 917 HTML pages

1 warning(s):
  ⚠ methodology/v1/index.html: meta description length 194 (aim 50-160)

342 HARD failure(s):
  ✗ e/e_01E6T51Z5NE/: chart caption needs a number and date
  ✗ e/e_01E6T51Z5NE/: chart caption needs a number and date
  ✗ e/e_01E6T51Z5NE/: chart caption needs a number and date
  ✗ e/e_01E6T51Z5NE/: chart caption needs a number and date
  ✗ e/e_0W3HYER2F5A/: chart caption needs a number and date
  ✗ e/e_0W3HYER2F5A/: chart caption needs a number and date
  ✗ e/e_0W3HYER2F5A/: chart caption needs a number and date
  ✗ e/e_0W3HYER2F5A/: chart caption needs a number and date
  ✗ e/e_126THNX952P/: chart caption needs a number and date
  ✗ e/e_126THNX952P/: chart caption needs a number and date
  ✗ e/e_126THNX952P/: chart caption needs a number and date
  ✗ e/e_126THNX952P/: chart caption needs a number and date
  ✗ e/e_13NVVKJA2MM/: chart caption needs a number and date
  ✗ e/e_13NVVKJA2MM/: chart caption needs a number and date
  ✗ e/e_13NVVKJA2MM/: chart caption needs a number and date
  ✗ e/e_13NVVKJA2MM/: chart caption needs a number and date
  ✗ e/e_13NVVKJA2MM/: chart caption needs a number and date
  ✗ e/e_15DZEMC0CJY/: chart caption needs a number and date
  ✗ e/e_15DZEMC0CJY/: chart caption needs a number and date
  ✗ e/e_15DZEMC0CJY/: chart caption needs a number and date
  ✗ e/e_15DZEMC0CJY/: chart caption needs a number and date
  ✗ e/e_1TMQEKAN7S6/: chart caption needs a number and date
  ✗ e/e_1TMQEKAN7S6/: chart caption needs a number and date
  ✗ e/e_1TMQEKAN7S6/: chart caption needs a number and date
  ✗ e/e_1TMQEKAN7S6/: chart caption needs a number and date
  ✗ e/e_1VQN3TQ2Z74/: chart caption needs a number and date
  ✗ e/e_1VQN3TQ2Z74/: chart caption needs a number and date
  ✗ e/e_1VQN3TQ2Z74/: chart caption needs a number and date
  ✗ e/e_1VQN3TQ2Z74/: chart caption needs a number and date
  ✗ e/e_20N3FEGPDR2/: chart caption needs a number and date
  ✗ e/e_20N3FEGPDR2/: chart caption needs a number and date
  ✗ e/e_20N3FEGPDR2/: chart caption needs a number and date
  ✗ e/e_20N3FEGPDR2/: chart caption needs a number and date
  ✗ e/e_291FVHEKPA8/: chart caption needs a number and date
  ✗ e/e_291FVHEKPA8/: chart caption needs a number and date
  ✗ e/e_291FVHEKPA8/: chart caption needs a number and date
  ✗ e/e_291FVHEKPA8/: chart caption needs a number and date
  ✗ e/e_2CS7SM2993J/: chart caption needs a number and date
  ✗ e/e_2CS7SM2993J/: chart caption needs a number and date
  ✗ e/e_2CS7SM2993J/: chart caption needs a number and date
  ✗ e/e_2CS7SM2993J/: chart caption needs a number and date
  ✗ e/e_2CS7SM2993J/: chart caption needs a number and date
  ✗ e/e_2JCAQ45XCSC/: chart caption needs a number and date
  ✗ e/e_2JCAQ45XCSC/: chart caption needs a number and date
  ✗ e/e_2JCAQ45XCSC/: chart caption needs a number and date
  ✗ e/e_2JCAQ45XCSC/: chart caption needs a number and date
  ✗ e/e_32V083BPAMA/: chart caption needs a number and date
  ✗ e/e_32V083BPAMA/: chart caption needs a number and date
  ✗ e/e_32V083BPAMA/: chart caption needs a number and date
  ✗ e/e_32V083BPAMA/: chart caption needs a number and date
  ✗ e/e_357KR6Z8TFG/: chart caption needs a number and date
  ✗ e/e_357KR6Z8TFG/: chart caption needs a number and date
  ✗ e/e_357KR6Z8TFG/: chart caption needs a number and date
  ✗ e/e_357KR6Z8TFG/: chart caption needs a number and date
  ✗ e/e_38NTPKDPKHA/: chart caption needs a number and date
  ✗ e/e_38NTPKDPKHA/: chart caption needs a number and date
  ✗ e/e_38NTPKDPKHA/: chart caption needs a number and date
  ✗ e/e_38NTPKDPKHA/: chart caption needs a number and date
  ✗ e/e_3HZS2JPM2CR/: chart caption needs a number and date
  ✗ e/e_3HZS2JPM2CR/: chart caption needs a number and date
  ✗ e/e_3HZS2JPM2CR/: chart caption needs a number and date
  ✗ e/e_3HZS2JPM2CR/: chart caption needs a number and date
  ✗ e/e_3HZS2JPM2CR/: chart caption needs a number and date
  ✗ e/e_3N3Q3YAWBCG/: chart caption needs a number and date
  ✗ e/e_3N3Q3YAWBCG/: chart caption needs a number and date
  ✗ e/e_3N3Q3YAWBCG/: chart caption needs a number and date
  ✗ e/e_3N3Q3YAWBCG/: chart caption needs a number and date
  ✗ e/e_41T3C34FQFA/: chart caption needs a number and date
  ✗ e/e_41T3C34FQFA/: chart caption needs a number and date
  ✗ e/e_41T3C34FQFA/: chart caption needs a number and date
  ✗ e/e_41T3C34FQFA/: chart caption needs a number and date
  ✗ e/e_4P7EDPAWCY2/: chart caption needs a number and date
  ✗ e/e_4P7EDPAWCY2/: chart caption needs a number and date
  ✗ e/e_4P7EDPAWCY2/: chart caption needs a number and date
  ✗ e/e_4P7EDPAWCY2/: chart caption needs a number and date
  ✗ e/e_4P7EDPAWCY2/: chart caption needs a number and date
  ✗ e/e_4VBT50A7VD2/: chart caption needs a number and date
  ✗ e/e_4VBT50A7VD2/: chart caption needs a number and date
  ✗ e/e_4VBT50A7VD2/: chart caption needs a number and date
  ✗ e/e_4VBT50A7VD2/: chart caption needs a number and date
  ✗ e/e_5R5PKZN9WTY/: chart caption needs a number and date
  ✗ e/e_5R5PKZN9WTY/: chart caption needs a number and date
  ✗ e/e_5R5PKZN9WTY/: chart caption needs a number and date
  ✗ e/e_5R5PKZN9WTY/: chart caption needs a number and date
  ✗ e/e_5VB3GYJAWRC/: chart caption needs a number and date
  ✗ e/e_5VB3GYJAWRC/: chart caption needs a number and date
  ✗ e/e_5VB3GYJAWRC/: chart caption needs a number and date
  ✗ e/e_5VB3GYJAWRC/: chart caption needs a number and date
  ✗ e/e_61BHW1YYH5J/: chart caption needs a number and date
  ✗ e/e_61BHW1YYH5J/: chart caption needs a number and date
  ✗ e/e_61BHW1YYH5J/: chart caption needs a number and date
  ✗ e/e_61BHW1YYH5J/: chart caption needs a number and date
  ✗ e/e_6Y1JB29DYJA/: chart caption needs a number and date
  ✗ e/e_6Y1JB29DYJA/: chart caption needs a number and date
  ✗ e/e_6Y1JB29DYJA/: chart caption needs a number and date
  ✗ e/e_6Y1JB29DYJA/: chart caption needs a number and date
  ✗ e/e_7JW04Q252D6/: chart caption needs a number and date
  ✗ e/e_7JW04Q252D6/: chart caption needs a number and date
  ✗ e/e_7JW04Q252D6/: chart caption needs a number and date
  ✗ e/e_7JW04Q252D6/: chart caption needs a number and date
  ✗ e/e_824XAJ5ETWG/: chart caption needs a number and date
  ✗ e/e_824XAJ5ETWG/: chart caption needs a number and date
  ✗ e/e_824XAJ5ETWG/: chart caption needs a number and date
  ✗ e/e_824XAJ5ETWG/: chart caption needs a number and date
  ✗ e/e_8A2A58V55P6/: chart caption needs a number and date
  ✗ e/e_8A2A58V55P6/: chart caption needs a number and date
  ✗ e/e_8A2A58V55P6/: chart caption needs a number and date
  ✗ e/e_8A2A58V55P6/: chart caption needs a number and date
  ✗ e/e_8AWARYZ7WP6/: chart caption needs a number and date
  ✗ e/e_8AWARYZ7WP6/: chart caption needs a number and date
  ✗ e/e_8AWARYZ7WP6/: chart caption needs a number and date
  ✗ e/e_8AWARYZ7WP6/: chart caption needs a number and date
  ✗ e/e_8HVZ2FE02WG/: chart caption needs a number and date
  ✗ e/e_8HVZ2FE02WG/: chart caption needs a number and date
  ✗ e/e_8HVZ2FE02WG/: chart caption needs a number and date
  ✗ e/e_8HVZ2FE02WG/: chart caption needs a number and date
  ✗ e/e_8HVZ2FE02WG/: chart caption needs a number and date
  ✗ e/e_8HVZ2FE02WG/: chart caption needs a number and date
  ✗ e/e_8V2DZWR8HPM/: chart caption needs a number and date
  ✗ e/e_8V2DZWR8HPM/: chart caption needs a number and date
  ✗ e/e_8V2DZWR8HPM/: chart caption needs a number and date
  ✗ e/e_8V2DZWR8HPM/: chart caption needs a number and date
  ✗ e/e_9CDJXKFG3CJ/: chart caption needs a number and date
  ✗ e/e_9CDJXKFG3CJ/: chart caption needs a number and date
  ✗ e/e_9CDJXKFG3CJ/: chart caption needs a number and date
  ✗ e/e_9CDJXKFG3CJ/: chart caption needs a number and date
  ✗ e/e_9M90X0G4YD2/: chart caption needs a number and date
  ✗ e/e_9M90X0G4YD2/: chart caption needs a number and date
  ✗ e/e_9M90X0G4YD2/: chart caption needs a number and date
  ✗ e/e_9M90X0G4YD2/: chart caption needs a number and date
  ✗ e/e_ADT3TJHK8W8/: chart caption needs a number and date
  ✗ e/e_ADT3TJHK8W8/: chart caption needs a number and date
  ✗ e/e_ADT3TJHK8W8/: chart caption needs a number and date
  ✗ e/e_ADT3TJHK8W8/: chart caption needs a number and date
  ✗ e/e_ADT3TJHK8W8/: chart caption needs a number and date
  ✗ e/e_AZADD2TBHKR/: chart caption needs a number and date
  ✗ e/e_AZADD2TBHKR/: chart caption needs a number and date
  ✗ e/e_AZADD2TBHKR/: chart caption needs a number and date
  ✗ e/e_AZADD2TBHKR/: chart caption needs a number and date
  ✗ e/e_B10ZF25BFZT/: chart caption needs a number and date
  ✗ e/e_B10ZF25BFZT/: chart caption needs a number and date
  ✗ e/e_B10ZF25BFZT/: chart caption needs a number and date
  ✗ e/e_B10ZF25BFZT/: chart caption needs a number and date
  ✗ e/e_B42PV7X9SGR/: chart caption needs a number and date
  ✗ e/e_B42PV7X9SGR/: chart caption needs a number and date
  ✗ e/e_B42PV7X9SGR/: chart caption needs a number and date
  ✗ e/e_B42PV7X9SGR/: chart caption needs a number and date
  ✗ e/e_BRECTAWD0GT/: chart caption needs a number and date
  ✗ e/e_BRECTAWD0GT/: chart caption needs a number and date
  ✗ e/e_BRECTAWD0GT/: chart caption needs a number and date
  ✗ e/e_BRECTAWD0GT/: chart caption needs a number and date
  ✗ e/e_DQT3XHMXA2C/: chart caption needs a number and date
  ✗ e/e_DQT3XHMXA2C/: chart caption needs a number and date
  ✗ e/e_DQT3XHMXA2C/: chart caption needs a number and date
  ✗ e/e_DQT3XHMXA2C/: chart caption needs a number and date
  ✗ e/e_DY4152Q1HEE/: chart caption needs a number and date
  ✗ e/e_DY4152Q1HEE/: chart caption needs a number and date
  ✗ e/e_DY4152Q1HEE/: chart caption needs a number and date
  ✗ e/e_DY4152Q1HEE/: chart caption needs a number and date
  ✗ e/e_EDRGN5GQHSE/: chart caption needs a number and date
  ✗ e/e_EDRGN5GQHSE/: chart caption needs a number and date
  ✗ e/e_EDRGN5GQHSE/: chart caption needs a number and date
  ✗ e/e_EDRGN5GQHSE/: chart caption needs a number and date
  ✗ e/e_F19ZE68DAS4/: chart caption needs a number and date
  ✗ e/e_F19ZE68DAS4/: chart caption needs a number and date
  ✗ e/e_F19ZE68DAS4/: chart caption needs a number and date
  ✗ e/e_F19ZE68DAS4/: chart caption needs a number and date
  ✗ e/e_FWG4CE0H6WC/: chart caption needs a number and date
  ✗ e/e_FWG4CE0H6WC/: chart caption needs a number and date
  ✗ e/e_FWG4CE0H6WC/: chart caption needs a number and date
  ✗ e/e_FWG4CE0H6WC/: chart caption needs a number and date
  ✗ e/e_G2Q1BRT8GSR/: chart caption needs a number and date
  ✗ e/e_G2Q1BRT8GSR/: chart caption needs a number and date
  ✗ e/e_G2Q1BRT8GSR/: chart caption needs a number and date
  ✗ e/e_G2Q1BRT8GSR/: chart caption needs a number and date
  ✗ e/e_G2Q1BRT8GSR/: chart caption needs a number and date
  ✗ e/e_G2Q1BRT8GSR/: chart caption needs a number and date
  ✗ e/e_GFGYNAKFRW2/: chart caption needs a number and date
  ✗ e/e_GFGYNAKFRW2/: chart caption needs a number and date
  ✗ e/e_GFGYNAKFRW2/: chart caption needs a number and date
  ✗ e/e_GFGYNAKFRW2/: chart caption needs a number and date
  ✗ e/e_GFGYNAKFRW2/: chart caption needs a number and date
  ✗ e/e_GFGYNAKFRW2/: chart caption needs a number and date
  ✗ e/e_GP8J1E7TFDC/: chart caption needs a number and date
  ✗ e/e_GP8J1E7TFDC/: chart caption needs a number and date
  ✗ e/e_GP8J1E7TFDC/: chart caption needs a number and date
  ✗ e/e_GP8J1E7TFDC/: chart caption needs a number and date
  ✗ e/e_H6EVSN8Q85T/: chart caption needs a number and date
  ✗ e/e_H6EVSN8Q85T/: chart caption needs a number and date
  ✗ e/e_H6EVSN8Q85T/: chart caption needs a number and date
  ✗ e/e_H6EVSN8Q85T/: chart caption needs a number and date
  ✗ e/e_H6PPP8CA9RR/: chart caption needs a number and date
  ✗ e/e_H6PPP8CA9RR/: chart caption needs a number and date
  ✗ e/e_H6PPP8CA9RR/: chart caption needs a number and date
  ✗ e/e_H6PPP8CA9RR/: chart caption needs a number and date
  ✗ e/e_H6PPP8CA9RR/: chart caption needs a number and date
  ✗ e/e_HAQNA853Q80/: chart caption needs a number and date
  ✗ e/e_HAQNA853Q80/: chart caption needs a number and date
  ✗ e/e_HAQNA853Q80/: chart caption needs a number and date
  ✗ e/e_HAQNA853Q80/: chart caption needs a number and date
  ✗ e/e_J32HBKYVHAT/: chart caption needs a number and date
  ✗ e/e_J32HBKYVHAT/: chart caption needs a number and date
  ✗ e/e_J32HBKYVHAT/: chart caption needs a number and date
  ✗ e/e_J32HBKYVHAT/: chart caption needs a number and date
  ✗ e/e_JPHG3Z9N56M/: chart caption needs a number and date
  ✗ e/e_JPHG3Z9N56M/: chart caption needs a number and date
  ✗ e/e_JPHG3Z9N56M/: chart caption needs a number and date
  ✗ e/e_JPHG3Z9N56M/: chart caption needs a number and date
  ✗ e/e_JR4RPDWKET0/: chart caption needs a number and date
  ✗ e/e_JR4RPDWKET0/: chart caption needs a number and date
  ✗ e/e_JR4RPDWKET0/: chart caption needs a number and date
  ✗ e/e_JR4RPDWKET0/: chart caption needs a number and date
  ✗ e/e_JYFZ2CANJXT/: chart caption needs a number and date
  ✗ e/e_JYFZ2CANJXT/: chart caption needs a number and date
  ✗ e/e_JYFZ2CANJXT/: chart caption needs a number and date
  ✗ e/e_JYFZ2CANJXT/: chart caption needs a number and date
  ✗ e/e_JYS5BHD9SQG/: chart caption needs a number and date
  ✗ e/e_JYS5BHD9SQG/: chart caption needs a number and date
  ✗ e/e_JYS5BHD9SQG/: chart caption needs a number and date
  ✗ e/e_JYS5BHD9SQG/: chart caption needs a number and date
  ✗ e/e_KAKRS8DB7PY/: chart caption needs a number and date
  ✗ e/e_KAKRS8DB7PY/: chart caption needs a number and date
  ✗ e/e_KAKRS8DB7PY/: chart caption needs a number and date
  ✗ e/e_KAKRS8DB7PY/: chart caption needs a number and date
  ✗ e/e_KFRVE2CAS8W/: chart caption needs a number and date
  ✗ e/e_KFRVE2CAS8W/: chart caption needs a number and date
  ✗ e/e_KFRVE2CAS8W/: chart caption needs a number and date
  ✗ e/e_KFRVE2CAS8W/: chart caption needs a number and date
  ✗ e/e_KFRVE2CAS8W/: chart caption needs a number and date
  ✗ e/e_KFRVE2CAS8W/: chart caption needs a number and date
  ✗ e/e_KMM6CNTHW3C/: chart caption needs a number and date
  ✗ e/e_KMM6CNTHW3C/: chart caption needs a number and date
  ✗ e/e_KMM6CNTHW3C/: chart caption needs a number and date
  ✗ e/e_KMM6CNTHW3C/: chart caption needs a number and date
  ✗ e/e_KR3M8ESKAEW/: chart caption needs a number and date
  ✗ e/e_KR3M8ESKAEW/: chart caption needs a number and date
  ✗ e/e_KR3M8ESKAEW/: chart caption needs a number and date
  ✗ e/e_KR3M8ESKAEW/: chart caption needs a number and date
  ✗ e/e_MX90J81EYDE/: chart caption needs a number and date
  ✗ e/e_MX90J81EYDE/: chart caption needs a number and date
  ✗ e/e_MX90J81EYDE/: chart caption needs a number and date
  ✗ e/e_MX90J81EYDE/: chart caption needs a number and date
  ✗ e/e_MX90J81EYDE/: chart caption needs a number and date
  ✗ e/e_NA2QKMK6XZM/: chart caption needs a number and date
  ✗ e/e_NA2QKMK6XZM/: chart caption needs a number and date
  ✗ e/e_NA2QKMK6XZM/: chart caption needs a number and date
  ✗ e/e_NA2QKMK6XZM/: chart caption needs a number and date
  ✗ e/e_PCV8H6P7B04/: chart caption needs a number and date
  ✗ e/e_PCV8H6P7B04/: chart caption needs a number and date
  ✗ e/e_PCV8H6P7B04/: chart caption needs a number and date
  ✗ e/e_PCV8H6P7B04/: chart caption needs a number and date
  ✗ e/e_PJKJBCHCEFY/: chart caption needs a number and date
  ✗ e/e_PJKJBCHCEFY/: chart caption needs a number and date
  ✗ e/e_PJKJBCHCEFY/: chart caption needs a number and date
  ✗ e/e_PJKJBCHCEFY/: chart caption needs a number and date
  ✗ e/e_PRCZN95ZV2R/: chart caption needs a number and date
  ✗ e/e_PRCZN95ZV2R/: chart caption needs a number and date
  ✗ e/e_PRCZN95ZV2R/: chart caption needs a number and date
  ✗ e/e_PRCZN95ZV2R/: chart caption needs a number and date
  ✗ e/e_Q4X4XZ13Y2W/: chart caption needs a number and date
  ✗ e/e_Q4X4XZ13Y2W/: chart caption needs a number and date
  ✗ e/e_Q4X4XZ13Y2W/: chart caption needs a number and date
  ✗ e/e_Q4X4XZ13Y2W/: chart caption needs a number and date
  ✗ e/e_R372CCSVG44/: chart caption needs a number and date
  ✗ e/e_R372CCSVG44/: chart caption needs a number and date
  ✗ e/e_R372CCSVG44/: chart caption needs a number and date
  ✗ e/e_R372CCSVG44/: chart caption needs a number and date
  ✗ e/e_R372CCSVG44/: chart caption needs a number and date
  ✗ e/e_SFVE63D71XC/: chart caption needs a number and date
  ✗ e/e_SFVE63D71XC/: chart caption needs a number and date
  ✗ e/e_SFVE63D71XC/: chart caption needs a number and date
  ✗ e/e_SFVE63D71XC/: chart caption needs a number and date
  ✗ e/e_SNWV2DC244A/: chart caption needs a number and date
  ✗ e/e_SNWV2DC244A/: chart caption needs a number and date
  ✗ e/e_SNWV2DC244A/: chart caption needs a number and date
  ✗ e/e_SNWV2DC244A/: chart caption needs a number and date
  ✗ e/e_SNWV2DC244A/: chart caption needs a number and date
  ✗ e/e_SNWV2DC244A/: chart caption needs a number and date
  ✗ e/e_SV1CWRNS2SY/: chart caption needs a number and date
  ✗ e/e_SV1CWRNS2SY/: chart caption needs a number and date
  ✗ e/e_SV1CWRNS2SY/: chart caption needs a number and date
  ✗ e/e_SV1CWRNS2SY/: chart caption needs a number and date
  ✗ e/e_SW0DQ4N81NG/: chart caption needs a number and date
  ✗ e/e_SW0DQ4N81NG/: chart caption needs a number and date
  ✗ e/e_SW0DQ4N81NG/: chart caption needs a number and date
  ✗ e/e_SW0DQ4N81NG/: chart caption needs a number and date
  ✗ e/e_TBARBJKAD2G/: chart caption needs a number and date
  ✗ e/e_TBARBJKAD2G/: chart caption needs a number and date
  ✗ e/e_TBARBJKAD2G/: chart caption needs a number and date
  ✗ e/e_TBARBJKAD2G/: chart caption needs a number and date
  ✗ e/e_TBARBJKAD2G/: chart caption needs a number and date
  ✗ e/e_TEVNVWBZ8HJ/: chart caption needs a number and date
  ✗ e/e_TEVNVWBZ8HJ/: chart caption needs a number and date
  ✗ e/e_TEVNVWBZ8HJ/: chart caption needs a number and date
  ✗ e/e_TEVNVWBZ8HJ/: chart caption needs a number and date
  ✗ e/e_TPZFR15XYF6/: chart caption needs a number and date
  ✗ e/e_TPZFR15XYF6/: chart caption needs a number and date
  ✗ e/e_TPZFR15XYF6/: chart caption needs a number and date
  ✗ e/e_TPZFR15XYF6/: chart caption needs a number and date
  ✗ e/e_V05C8HCBBV2/: chart caption needs a number and date
  ✗ e/e_V05C8HCBBV2/: chart caption needs a number and date
  ✗ e/e_V05C8HCBBV2/: chart caption needs a number and date
  ✗ e/e_V05C8HCBBV2/: chart caption needs a number and date
  ✗ e/e_V42GXYWY24C/: chart caption needs a number and date
  ✗ e/e_V42GXYWY24C/: chart caption needs a number and date
  ✗ e/e_V42GXYWY24C/: chart caption needs a number and date
  ✗ e/e_V42GXYWY24C/: chart caption needs a number and date
  ✗ e/e_V7MSNX3WC6J/: chart caption needs a number and date
  ✗ e/e_V7MSNX3WC6J/: chart caption needs a number and date
  ✗ e/e_V7MSNX3WC6J/: chart caption needs a number and date
  ✗ e/e_V7MSNX3WC6J/: chart caption needs a number and date
  ✗ e/e_V9ERGE3E0B4/: chart caption needs a number and date
  ✗ e/e_V9ERGE3E0B4/: chart caption needs a number and date
  ✗ e/e_V9ERGE3E0B4/: chart caption needs a number and date
  ✗ e/e_V9ERGE3E0B4/: chart caption needs a number and date
  ✗ e/e_VBBNJDDB0DA/: chart caption needs a number and date
  ✗ e/e_VBBNJDDB0DA/: chart caption needs a number and date
  ✗ e/e_VBBNJDDB0DA/: chart caption needs a number and date
  ✗ e/e_VBBNJDDB0DA/: chart caption needs a number and date
  ✗ e/e_VBBNJDDB0DA/: chart caption needs a number and date
  ✗ e/e_VBBNJDDB0DA/: chart caption needs a number and date
  ✗ e/e_VBBNJDDB0DA/: chart caption needs a number and date
  ✗ e/e_XTYDTXK7PNY/: chart caption needs a number and date
  ✗ e/e_XTYDTXK7PNY/: chart caption needs a number and date
  ✗ e/e_XTYDTXK7PNY/: chart caption needs a number and date
  ✗ e/e_XTYDTXK7PNY/: chart caption needs a number and date
  ✗ e/e_Y0KW8KTAF72/: chart caption needs a number and date
  ✗ e/e_Y0KW8KTAF72/: chart caption needs a number and date
  ✗ e/e_Y0KW8KTAF72/: chart caption needs a number and date
  ✗ e/e_Y0KW8KTAF72/: chart caption needs a number and date
  ✗ e/e_YHPJ8ZXSSQ4/: chart caption needs a number and date
  ✗ e/e_YHPJ8ZXSSQ4/: chart caption needs a number and date
  ✗ e/e_YHPJ8ZXSSQ4/: chart caption needs a number and date
  ✗ e/e_YHPJ8ZXSSQ4/: chart caption needs a number and date
  ✗ e/e_Z9WRNDMF5MT/: chart caption needs a number and date
  ✗ e/e_Z9WRNDMF5MT/: chart caption needs a number and date
  ✗ e/e_Z9WRNDMF5MT/: chart caption needs a number and date
  ✗ e/e_Z9WRNDMF5MT/: chart caption needs a number and date
  ✗ e/e_ZRK10CYRA5W/: chart caption needs a number and date
  ✗ e/e_ZRK10CYRA5W/: chart caption needs a number and date
  ✗ e/e_ZRK10CYRA5W/: chart caption needs a number and date
  ✗ e/e_ZRK10CYRA5W/: chart caption needs a number and date

check-dist: FAIL
